2025/08/30 22:59:47 🔧 Worker pool started with 5 workers
2025/08/30 22:59:47 📊 Profiling disabled
2025/08/30 22:59:47 🚀 Starting HTTP server on port 8080
2025/08/30 22:59:47 📡 Endpoints available:
2025/08/30 22:59:47   - Single: http://localhost:8080/eis-data
2025/08/30 22:59:47   - Batch:  http://localhost:8080/eis-data/batch
2025/08/30 22:59:47   - Health: http://localhost:8080/health
2025/08/30 22:59:47   - GC:     http://localhost:8080/debug/gc
2025/08/30 22:59:47   - Memory: http://localhost:8080/debug/memory
2025/08/30 22:59:58 🔄 Batch processing started - ID: , Spectra: 1
2025/08/30 22:59:58 DEBUG: Processing spectrum 0 with 10 frequencies and 10 impedance points
2025/08/30 22:59:58 DEBUG: About to call processor with 10 frequencies, config: &{Code:R(QR) File: InitValues:[] CutLow:0 CutHigh:0 Unity:false SmartMode:eis OptimMethod:levenberg-marquardt Benchmark:false Flip:false ImgOut:false ImgSave:false ImgPath: ImgDPI:300 ImgSize:800 Concurrency:false Threads:5 Jobs:0 Quiet:true HTTPServer:true EnableProfiling:false}
2025/08/30 22:59:58 🔥 REAL EIS: Processing 10 frequency points with config: &{Code:R(QR) File: InitValues:[] CutLow:0 CutHigh:0 Unity:false SmartMode:eis OptimMethod:levenberg-marquardt Benchmark:false Flip:false ImgOut:false ImgSave:false ImgPath: ImgDPI:300 ImgSize:800 Concurrency:false Threads:5 Jobs:0 Quiet:true HTTPServer:true EnableProfiling:false}
2025/08/30 22:59:58 Using auto-generated initial values: [50 1e-06 0.8 100]
2025/08/30 22:59:58 Using optimization method: levenberg-marquardt
2025/08/30 22:59:58 LM Solve Mode
2025/08/30 22:59:58 Base LM Solve Mode
2025/08/30 22:59:58 iter: 0 res: 1.0669645035116322 bestRes 1.0669645035116322
2025/08/30 22:59:58 WARNING: CPE Y0 -8.105e-06 is outside reasonable range, clamping
2025/08/30 22:59:58 DEBUG: CPE exponent n=1.464296
2025/08/30 22:59:58 Base LM Solve Mode
2025/08/30 22:59:58 iter: 1 res: 0.41309498967904024 bestRes 0.41309498967904024
2025/08/30 22:59:58 WARNING: CPE Y0 1.254e-02 is outside reasonable range, clamping
2025/08/30 22:59:58 DEBUG: CPE exponent n=0.129783
2025/08/30 22:59:58 Base LM Solve Mode
2025/08/30 22:59:58 iter: 2 res: 0.4266251000010895 bestRes 0.41309498967904024
2025/08/30 22:59:58 WARNING: CPE Y0 -3.448e-04 is outside reasonable range, clamping
2025/08/30 22:59:58 DEBUG: CPE exponent n=-37.277781
2025/08/30 22:59:58 Base LM Solve Mode
2025/08/30 22:59:58 iter: 3 res: 0.41309498967904024 bestRes 0.41309498967904024
2025/08/30 22:59:58 WARNING: CPE Y0 1.254e-02 is outside reasonable range, clamping
2025/08/30 22:59:58 DEBUG: CPE exponent n=0.129783
2025/08/30 22:59:58 Base LM Solve Mode
2025/08/30 22:59:58 iter: 4 res: 0.4266251000010895 bestRes 0.41309498967904024
2025/08/30 22:59:58 WARNING: CPE Y0 -3.448e-04 is outside reasonable range, clamping
2025/08/30 22:59:58 DEBUG: CPE exponent n=-37.277781
2025/08/30 22:59:58 Base LM Solve Mode
2025/08/30 22:59:58 iter: 5 res: 0.41309498967904024 bestRes 0.41309498967904024
2025/08/30 22:59:58 WARNING: CPE Y0 1.254e-02 is outside reasonable range, clamping
2025/08/30 22:59:58 DEBUG: CPE exponent n=0.129783
2025/08/30 22:59:58 Base LM Solve Mode
2025/08/30 22:59:58 iter: 6 res: 0.4266251000010895 bestRes 0.41309498967904024
2025/08/30 22:59:58 WARNING: CPE Y0 -3.448e-04 is outside reasonable range, clamping
2025/08/30 22:59:58 DEBUG: CPE exponent n=-37.277781
2025/08/30 22:59:58 Base LM Solve Mode
2025/08/30 22:59:58 iter: 7 res: 0.41309498967904024 bestRes 0.41309498967904024
2025/08/30 22:59:58 WARNING: CPE Y0 1.254e-02 is outside reasonable range, clamping
2025/08/30 22:59:58 DEBUG: CPE exponent n=0.129783
2025/08/30 22:59:58 Base LM Solve Mode
2025/08/30 22:59:58 iter: 8 res: 0.4266251000010895 bestRes 0.41309498967904024
2025/08/30 22:59:58 WARNING: CPE Y0 -3.448e-04 is outside reasonable range, clamping
2025/08/30 22:59:58 DEBUG: CPE exponent n=-37.277781
2025/08/30 22:59:58 Base LM Solve Mode
2025/08/30 22:59:58 iter: 9 res: 0.41309498967904024 bestRes 0.41309498967904024
2025/08/30 22:59:58 WARNING: CPE Y0 1.254e-02 is outside reasonable range, clamping
2025/08/30 22:59:58 DEBUG: CPE exponent n=0.129783
2025/08/30 22:59:58 INFO: Skipping chi-square recalculation for EIS mode (scaling handled internally)
2025/08/30 22:59:58 EIS processing completed - Method: levenberg-marquardt, Chi-square: 4.13094989679040e-01
2025/08/30 22:59:58 Processing time: 28.632ms
2025/08/30 22:59:58 DEBUG: Processor returned result type: goimpcore.Result, value: {Min:0.41309498967904024 Params:[55.00000000000001 1.1e-06 0.12978263817195243 110.00000000000001] Status:OK Solved:false Iters:0 FuncEval:0 Code: MinUnit:ChiSq Payload:<nil> Runtime:0}
2025/08/30 22:59:58 Processing webhook for 41f735305a1859d1_iter_000
2025/08/30 22:59:58 📊 Timing saved: 1 spectra, 5 goroutines, 29.80 ms total, 100.00% success, 0.193 efficiency
2025/08/30 22:59:58 🎉 Batch processing completed - ID: , Total time: 29.803208ms
2025/08/30 23:00:00 🛑 Received shutdown signal...
2025/08/30 23:00:00 🛑 Shutting down server...
2025/08/30 23:00:00 🛑 Shutting down worker pool...
2025/08/30 23:00:00 ✅ Worker pool shutdown complete
2025/08/30 23:00:00 ✅ Server shutdown complete
